// Jest Snapshot v1, https://goo.gl/fbAQLP

exports[`Bedrock Agents Agent matches snapshot 1`] = `
{
  "Conditions": {
    "KBKBVectorsIsDataAccessPolicyNotEmptyA6892421": {
      "Fn::Not": [
        {
          "Fn::Equals": [
            0,
            1,
          ],
        },
      ],
    },
  },
  "Parameters": {
    "BootstrapVersion": {
      "Default": "/cdk-bootstrap/hnb659fds/version",
      "Description": "Version of the CDK Bootstrap resources in this environment, automatically retrieved from SSM Parameter Store. [cdk:skip]",
      "Type": "AWS::SSM::Parameter::Value<String>",
    },
  },
  "Resources": {
    "ActionGroupFunctionAgentLambdaInvocationPolicy5D75A82C": {
      "Properties": {
        "Action": "lambda:InvokeFunction",
        "FunctionName": {
          "Fn::GetAtt": [
            "ActionGroupFunctionFE14D1CB",
            "Arn",
          ],
        },
        "Principal": "bedrock.amazonaws.com",
        "SourceAccount": "123456789012",
        "SourceArn": {
          "Fn::GetAtt": [
            "AgentD78B2CA1",
            "AgentArn",
          ],
        },
      },
      "Type": "AWS::Lambda::Permission",
    },
    "ActionGroupFunctionFE14D1CB": {
      "DependsOn": [
        "ActionGroupFunctionServiceRole77660D62",
      ],
      "Metadata": {
        "cdk_nag": {
          "rules_to_suppress": [
            {
              "id": "AwsSolutions-IAM4",
              "reason": "ActionGroup Lambda uses the AWSLambdaBasicExecutionRole AWS Managed Policy.",
            },
          ],
        },
      },
      "Properties": {
        "Code": {
          "ZipFile": "mockCode",
        },
        "Handler": "index.handler",
        "Role": {
          "Fn::GetAtt": [
            "ActionGroupFunctionServiceRole77660D62",
            "Arn",
          ],
        },
        "Runtime": "nodejs18.x",
      },
      "Type": "AWS::Lambda::Function",
    },
    "ActionGroupFunctionServiceRole77660D62": {
      "Metadata": {
        "cdk_nag": {
          "rules_to_suppress": [
            {
              "id": "AwsSolutions-IAM4",
              "reason": "ActionGroup Lambda uses the AWSLambdaBasicExecutionRole AWS Managed Policy.",
            },
          ],
        },
      },
      "Properties": {
        "AssumeRolePolicyDocument": {
          "Statement": [
            {
              "Action": "sts:AssumeRole",
              "Effect": "Allow",
              "Principal": {
                "Service": "lambda.amazonaws.com",
              },
            },
          ],
          "Version": "2012-10-17",
        },
        "ManagedPolicyArns": [
          {
            "Fn::Join": [
              "",
              [
                "arn:",
                {
                  "Ref": "AWS::Partition",
                },
                ":iam::aws:policy/service-role/AWSLambdaBasicExecutionRole",
              ],
            ],
          },
        ],
      },
      "Type": "AWS::IAM::Role",
    },
    "AgentAgentAliasprodMyCfnAgentAlias3EE1B2C1": {
      "Properties": {
        "AgentAliasName": "prod",
        "AgentId": {
          "Fn::GetAtt": [
            "AgentD78B2CA1",
            "AgentId",
          ],
        },
      },
      "Type": "AWS::Bedrock::AgentAlias",
    },
    "AgentAgentFMPolicyF0794CB5": {
      "Properties": {
        "PolicyDocument": {
          "Statement": [
            {
              "Action": "bedrock:InvokeModel",
              "Effect": "Allow",
              "Resource": "arn:aws:bedrock:us-east-1::foundation-model/anthropic.claude-v2:1",
            },
          ],
          "Version": "2012-10-17",
        },
        "PolicyName": "AgentAgentFMPolicyF0794CB5",
        "Roles": [
          {
            "Ref": "AgentRole9D587F56",
          },
        ],
      },
      "Type": "AWS::IAM::Policy",
    },
    "AgentAgentGuardrailPolicymycustomguardrail474C4E4F": {
      "Properties": {
        "PolicyDocument": {
          "Statement": [
            {
              "Action": "bedrock:ApplyGuardrail",
              "Effect": "Allow",
              "Resource": {
                "Fn::Join": [
                  "",
                  [
                    "arn:",
                    {
                      "Ref": "AWS::Partition",
                    },
                    ":bedrock:",
                    {
                      "Ref": "AWS::Region",
                    },
                    ":",
                    {
                      "Ref": "AWS::AccountId",
                    },
                    ":guardrail/",
                    {
                      "Fn::GetAtt": [
                        "MyGuardrail198F06A2",
                        "GuardrailId",
                      ],
                    },
                  ],
                ],
              },
            },
            {
              "Action": "kms:Decrypt",
              "Condition": {
                "StringEquals": {
                  "aws:ResourceAccount": {
                    "Ref": "AWS::AccountId",
                  },
                },
              },
              "Effect": "Allow",
              "Resource": "arn:aws:kms:region:XXXXX:key/12345678-1234-1234-1234-123456789012",
            },
          ],
          "Version": "2012-10-17",
        },
        "PolicyName": "AgentAgentGuardrailPolicymycustomguardrail474C4E4F",
        "Roles": [
          {
            "Ref": "AgentRole9D587F56",
          },
        ],
      },
      "Type": "AWS::IAM::Policy",
    },
    "AgentAgentKBPolicyKBteststackKBF59CBB07419A3243": {
      "Properties": {
        "PolicyDocument": {
          "Statement": [
            {
              "Action": [
                "bedrock:UpdateKnowledgeBase",
                "bedrock:Retrieve",
              ],
              "Effect": "Allow",
              "Resource": {
                "Fn::GetAtt": [
                  "KBMyCfnKnowledgeBase0F2C5AD7",
                  "KnowledgeBaseArn",
                ],
              },
            },
          ],
          "Version": "2012-10-17",
        },
        "PolicyName": "AgentAgentKBPolicyKBteststackKBF59CBB07419A3243",
        "Roles": [
          {
            "Ref": "AgentRole9D587F56",
          },
        ],
      },
      "Type": "AWS::IAM::Policy",
    },
    "AgentD78B2CA1": {
      "Properties": {
        "ActionGroups": [
          {
            "ActionGroupExecutor": {
              "Lambda": {
                "Fn::GetAtt": [
                  "ActionGroupFunctionFE14D1CB",
                  "Arn",
                ],
              },
            },
            "ActionGroupName": "test-action-group",
            "ActionGroupState": "ENABLED",
            "ApiSchema": {
              "S3": {
                "S3BucketName": {
                  "Ref": "TestBucket560B80BC",
                },
                "S3ObjectKey": "test/api.yaml",
              },
            },
            "Description": "Use these functions to get information about the books in the Project Gutenburg library.",
            "SkipResourceInUseCheckOnDelete": false,
          },
        ],
        "AgentName": "bedrock-agent-testsgent-03df32b3",
        "AgentResourceRoleArn": {
          "Fn::GetAtt": [
            "AgentRole9D587F56",
            "Arn",
          ],
        },
        "FoundationModel": "anthropic.claude-v2:1",
        "GuardrailConfiguration": {
          "GuardrailIdentifier": {
            "Fn::GetAtt": [
              "MyGuardrail198F06A2",
              "GuardrailId",
            ],
          },
          "GuardrailVersion": {
            "Fn::GetAtt": [
              "MyGuardrail198F06A2",
              "Version",
            ],
          },
        },
        "IdleSessionTTLInSeconds": 1800,
        "Instruction": "You provide support for developers working with CDK constructs.",
        "KnowledgeBases": [
          {
            "Description": "Documentation about CDK constructs.",
            "KnowledgeBaseId": {
              "Fn::GetAtt": [
                "KBMyCfnKnowledgeBase0F2C5AD7",
                "KnowledgeBaseId",
              ],
            },
            "KnowledgeBaseState": "ENABLED",
          },
        ],
        "PromptOverrideConfiguration": {
          "PromptConfigurations": [
            {
              "BasePromptTemplate": "This prompt is disabled.",
              "InferenceConfiguration": {
                "MaximumLength": 0,
                "StopSequences": [],
                "Temperature": 0,
                "TopK": 0,
                "TopP": 1,
              },
              "PromptCreationMode": "OVERRIDDEN",
              "PromptState": "DISABLED",
              "PromptType": "PRE_PROCESSING",
            },
            {
              "BasePromptTemplate": "This prompt is enabled.",
              "InferenceConfiguration": {
                "MaximumLength": 2048,
                "StopSequences": [
                  "</function_call>",
                  "</answer>",
                  "</error>",
                ],
                "Temperature": 0,
                "TopK": 250,
                "TopP": 1,
              },
              "PromptCreationMode": "OVERRIDDEN",
              "PromptState": "ENABLED",
              "PromptType": "ORCHESTRATION",
            },
          ],
        },
      },
      "Type": "AWS::Bedrock::Agent",
    },
    "AgentRole9D587F56": {
      "Properties": {
        "AssumeRolePolicyDocument": {
          "Statement": [
            {
              "Action": "sts:AssumeRole",
              "Effect": "Allow",
              "Principal": {
                "Service": "bedrock.amazonaws.com",
              },
            },
            {
              "Action": "sts:AssumeRole",
              "Condition": {
                "ArnLike": {
                  "aws:SourceArn": {
                    "Fn::Join": [
                      "",
                      [
                        "arn:",
                        {
                          "Ref": "AWS::Partition",
                        },
                        ":bedrock:us-east-1:123456789012:agent/*",
                      ],
                    ],
                  },
                },
                "StringEquals": {
                  "aws:SourceAccount": "123456789012",
                },
              },
              "Effect": "Allow",
              "Principal": {
                "Service": "bedrock.amazonaws.com",
              },
            },
          ],
          "Version": "2012-10-17",
        },
        "RoleName": "AmazonBedrockExecutionRoleForAgents_teststackAgent03DF32B3",
      },
      "Type": "AWS::IAM::Role",
    },
    "DataSource152DC04E": {
      "Properties": {
        "DataSourceConfiguration": {
          "S3Configuration": {
            "BucketArn": {
              "Fn::GetAtt": [
                "DocBucket01E283E8",
                "Arn",
              ],
            },
          },
          "Type": "S3",
        },
        "KnowledgeBaseId": {
          "Fn::GetAtt": [
            "KBMyCfnKnowledgeBase0F2C5AD7",
            "KnowledgeBaseId",
          ],
        },
        "Name": "test-docs",
        "VectorIngestionConfiguration": {
          "ChunkingConfiguration": {
            "ChunkingStrategy": "FIXED_SIZE",
            "FixedSizeChunkingConfiguration": {
              "MaxTokens": 300,
              "OverlapPercentage": 20,
            },
          },
        },
      },
      "Type": "AWS::Bedrock::DataSource",
    },
    "DocBucket01E283E8": {
      "DeletionPolicy": "Retain",
      "Type": "AWS::S3::Bucket",
      "UpdateReplacePolicy": "Retain",
    },
    "KBKBCRPolicy1B1408B9": {
      "Metadata": {
        "cdk_nag": {
          "rules_to_suppress": [
            {
              "id": "AwsSolutions-IAM5",
              "reason": "Bedrock CreateKnowledgeBase can't be restricted by resource.",
            },
          ],
        },
      },
      "Properties": {
        "PolicyDocument": {
          "Statement": [
            {
              "Action": "bedrock:CreateKnowledgeBase",
              "Effect": "Allow",
              "Resource": "*",
            },
            {
              "Action": [
                "bedrock:UpdateKnowledgeBase",
                "bedrock:DeleteKnowledgeBase",
                "bedrock:TagResource",
              ],
              "Effect": "Allow",
              "Resource": {
                "Fn::Join": [
                  "",
                  [
                    "arn:",
                    {
                      "Ref": "AWS::Partition",
                    },
                    ":bedrock:us-east-1:123456789012:knowledge-base/*",
                  ],
                ],
              },
            },
            {
              "Action": "iam:PassRole",
              "Effect": "Allow",
              "Resource": {
                "Fn::GetAtt": [
                  "KBRole081DC46D",
                  "Arn",
                ],
              },
            },
          ],
          "Version": "2012-10-17",
        },
        "PolicyName": "KBKBCRPolicy1B1408B9",
        "Roles": [
          {
            "Ref": "KBRole081DC46D",
          },
        ],
      },
      "Type": "AWS::IAM::Policy",
    },
    "KBKBIndexManageIndexPolicy12CCDA73": {
      "DependsOn": [
        "KBKBVectorsAOSSApiAccessAllB0CB4242",
        "KBKBVectorsDataAccessPolicyA8410509",
        "KBKBVectorsEncryptionPolicy08206F7B",
        "KBKBVectorsNetworkPolicy7FBE0E2B",
        "KBKBVectorsVectorCollectionFFF498C9",
      ],
      "Properties": {
        "Name": "manageindexpolicytesdexe5888a45",
        "Policy": {
          "Fn::Join": [
            "",
            [
              "[{"Rules":[{"Resource":["index/vectorstoreteststectors7d46d76b/*"],"Permission":["aoss:DescribeIndex","aoss:CreateIndex","aoss:DeleteIndex","aoss:UpdateIndex"],"ResourceType":"index"},{"Resource":["collection/vectorstoreteststectors7d46d76b"],"Permission":["aoss:DescribeCollectionItems"],"ResourceType":"collection"}],"Principal":["",
              {
                "Fn::GetAtt": [
                  "OpenSearchIndexCRProviderCRRole466FC04E",
                  "Arn",
                ],
              },
              ""],"Description":""}]",
            ],
          ],
        },
        "Type": "data",
      },
      "Type": "AWS::OpenSearchServerless::AccessPolicy",
    },
    "KBKBIndexVectorIndexB98E4DB1": {
      "DeletionPolicy": "Delete",
      "DependsOn": [
        "KBKBIndexManageIndexPolicy12CCDA73",
        "KBKBVectorsAOSSApiAccessAllB0CB4242",
        "KBKBVectorsDataAccessPolicyA8410509",
        "KBKBVectorsEncryptionPolicy08206F7B",
        "KBKBVectorsNetworkPolicy7FBE0E2B",
        "KBKBVectorsVectorCollectionFFF498C9",
      ],
      "Properties": {
        "Dimensions": 1536,
        "Endpoint": {
          "Fn::Join": [
            "",
            [
              {
                "Fn::GetAtt": [
                  "KBKBVectorsVectorCollectionFFF498C9",
                  "Id",
                ],
              },
              ".us-east-1.aoss.amazonaws.com",
            ],
          ],
        },
        "IndexName": "bedrock-knowledge-base-default-index",
        "MetadataManagement": [
          {
            "DataType": "text",
            "Filterable": true,
            "MappingField": "AMAZON_BEDROCK_TEXT_CHUNK",
          },
          {
            "DataType": "text",
            "Filterable": false,
            "MappingField": "AMAZON_BEDROCK_METADATA",
          },
        ],
        "ServiceToken": {
          "Fn::GetAtt": [
            "OpenSearchIndexCRProviderframeworkonEvent6CAE4696",
            "Arn",
          ],
        },
        "VectorField": "bedrock-knowledge-base-default-vector",
      },
      "Type": "Custom::OpenSearchIndex",
      "UpdateReplacePolicy": "Delete",
    },
    "KBKBVectorsAOSSApiAccessAllB0CB4242": {
      "Properties": {
        "Description": "",
        "Path": "/",
        "PolicyDocument": {
          "Statement": [
            {
              "Action": "aoss:APIAccessAll",
              "Effect": "Allow",
              "Resource": {
                "Fn::GetAtt": [
                  "KBKBVectorsVectorCollectionFFF498C9",
                  "Arn",
                ],
              },
            },
          ],
          "Version": "2012-10-17",
        },
      },
      "Type": "AWS::IAM::ManagedPolicy",
    },
    "KBKBVectorsDataAccessPolicyA8410509": {
      "Condition": "KBKBVectorsIsDataAccessPolicyNotEmptyA6892421",
      "Properties": {
        "Name": "dataaccesspolicytesttors7d46d76b",
        "Policy": {
          "Fn::Join": [
            "",
            [
              "[{"Rules":[{"Resource":["collection/vectorstoreteststectors7d46d76b"],"Permission":["aoss:DescribeCollectionItems","aoss:CreateCollectionItems","aoss:UpdateCollectionItems"],"ResourceType":"collection"},{"Resource":["index/vectorstoreteststectors7d46d76b/*"],"Permission":["aoss:UpdateIndex","aoss:DescribeIndex","aoss:ReadDocument","aoss:WriteDocument","aoss:CreateIndex"],"ResourceType":"index"}],"Principal":["",
              {
                "Fn::GetAtt": [
                  "KBRole081DC46D",
                  "Arn",
                ],
              },
              ""],"Description":""}]",
            ],
          ],
        },
        "Type": "data",
      },
      "Type": "AWS::OpenSearchServerless::AccessPolicy",
    },
    "KBKBVectorsEncryptionPolicy08206F7B": {
      "Properties": {
        "Name": "encryptionpolicytesttors7d46d76b",
        "Policy": "{"Rules":[{"ResourceType":"collection","Resource":["collection/vectorstoreteststectors7d46d76b"]}],"AWSOwnedKey":true}",
        "Type": "encryption",
      },
      "Type": "AWS::OpenSearchServerless::SecurityPolicy",
    },
    "KBKBVectorsNetworkPolicy7FBE0E2B": {
      "Properties": {
        "Name": "networkpolicytestsctors7d46d76b",
        "Policy": "[{"Rules":[{"ResourceType":"collection","Resource":["collection/vectorstoreteststectors7d46d76b"]},{"ResourceType":"dashboard","Resource":["collection/vectorstoreteststectors7d46d76b"]}],"AllowFromPublic":true}]",
        "Type": "network",
      },
      "Type": "AWS::OpenSearchServerless::SecurityPolicy",
    },
    "KBKBVectorsVectorCollectionFFF498C9": {
      "DependsOn": [
        "KBKBVectorsEncryptionPolicy08206F7B",
        "KBKBVectorsNetworkPolicy7FBE0E2B",
      ],
      "Properties": {
        "Name": "vectorstoreteststectors7d46d76b",
        "StandbyReplicas": "ENABLED",
        "Type": "VECTORSEARCH",
      },
      "Type": "AWS::OpenSearchServerless::Collection",
    },
    "KBMyCfnKnowledgeBase0F2C5AD7": {
      "DependsOn": [
        "KBKBCRPolicy1B1408B9",
        "KBKBIndexManageIndexPolicy12CCDA73",
        "KBKBIndexVectorIndexB98E4DB1",
        "KBRoleDefaultPolicy1639354E",
        "KBRole081DC46D",
      ],
      "Properties": {
        "Description": "Documentation about CDK constructs.",
        "KnowledgeBaseConfiguration": {
          "Type": "VECTOR",
          "VectorKnowledgeBaseConfiguration": {
            "EmbeddingModelArn": "arn:aws:bedrock:us-east-1::foundation-model/amazon.titan-embed-text-v1",
          },
        },
        "Name": "KBteststackKBF59CBB07",
        "RoleArn": {
          "Fn::GetAtt": [
            "KBRole081DC46D",
            "Arn",
          ],
        },
        "StorageConfiguration": {
          "OpensearchServerlessConfiguration": {
            "CollectionArn": {
              "Fn::GetAtt": [
                "KBKBVectorsVectorCollectionFFF498C9",
                "Arn",
              ],
            },
            "FieldMapping": {
              "MetadataField": "AMAZON_BEDROCK_METADATA",
              "TextField": "AMAZON_BEDROCK_TEXT_CHUNK",
              "VectorField": "bedrock-knowledge-base-default-vector",
            },
            "VectorIndexName": "bedrock-knowledge-base-default-index",
          },
          "Type": "OPENSEARCH_SERVERLESS",
        },
      },
      "Type": "AWS::Bedrock::KnowledgeBase",
    },
    "KBRole081DC46D": {
      "Metadata": {
        "cdk_nag": {
          "rules_to_suppress": [
            {
              "id": "AwsSolutions-IAM5",
              "reason": "The KB role needs read only access to all objects in the data source bucket.",
            },
          ],
        },
      },
      "Properties": {
        "AssumeRolePolicyDocument": {
          "Statement": [
            {
              "Action": "sts:AssumeRole",
              "Effect": "Allow",
              "Principal": {
                "Service": "bedrock.amazonaws.com",
              },
            },
            {
              "Action": "sts:AssumeRole",
              "Condition": {
                "ArnLike": {
                  "aws:SourceArn": {
                    "Fn::Join": [
                      "",
                      [
                        "arn:",
                        {
                          "Ref": "AWS::Partition",
                        },
                        ":bedrock:us-east-1:123456789012:knowledge-base/*",
                      ],
                    ],
                  },
                },
                "StringEquals": {
                  "aws:SourceAccount": "123456789012",
                },
              },
              "Effect": "Allow",
              "Principal": {
                "Service": "bedrock.amazonaws.com",
              },
            },
          ],
          "Version": "2012-10-17",
        },
        "ManagedPolicyArns": [
          {
            "Ref": "KBKBVectorsAOSSApiAccessAllB0CB4242",
          },
        ],
        "RoleName": "AmazonBedrockExecutionRoleForKnowledgeBaseteststackKBF59CBB07",
      },
      "Type": "AWS::IAM::Role",
    },
    "KBRoleDefaultPolicy1639354E": {
      "Metadata": {
        "cdk_nag": {
          "rules_to_suppress": [
            {
              "id": "AwsSolutions-IAM5",
              "reason": "The KB role needs read only access to all objects in the data source bucket.",
            },
          ],
        },
      },
      "Properties": {
        "PolicyDocument": {
          "Statement": [
            {
              "Action": "bedrock:InvokeModel",
              "Effect": "Allow",
              "Resource": "arn:aws:bedrock:us-east-1::foundation-model/amazon.titan-embed-text-v1",
            },
            {
              "Action": [
                "s3:GetObject*",
                "s3:GetBucket*",
                "s3:List*",
              ],
              "Effect": "Allow",
              "Resource": [
                {
                  "Fn::GetAtt": [
                    "DocBucket01E283E8",
                    "Arn",
                  ],
                },
                {
                  "Fn::Join": [
                    "",
                    [
                      {
                        "Fn::GetAtt": [
                          "DocBucket01E283E8",
                          "Arn",
                        ],
                      },
                      "/*",
                    ],
                  ],
                },
              ],
            },
          ],
          "Version": "2012-10-17",
        },
        "PolicyName": "KBRoleDefaultPolicy1639354E",
        "Roles": [
          {
            "Ref": "KBRole081DC46D",
          },
        ],
      },
      "Type": "AWS::IAM::Policy",
    },
    "LogRetentionaae0aa3c5b4d4f87b02d85b201efdd8aFD4BFC8A": {
      "DependsOn": [
        "LogRetentionaae0aa3c5b4d4f87b02d85b201efdd8aServiceRoleDefaultPolicyADDA7DEB",
        "LogRetentionaae0aa3c5b4d4f87b02d85b201efdd8aServiceRole9741ECFB",
      ],
      "Properties": {
        "Code": {
          "S3Bucket": "cdk-hnb659fds-assets-123456789012-us-east-1",
          "S3Key": "4e26bf2d0a26f2097fb2b261f22bb51e3f6b4b52635777b1e54edbd8e2d58c35.zip",
        },
        "Handler": "index.handler",
        "Role": {
          "Fn::GetAtt": [
            "LogRetentionaae0aa3c5b4d4f87b02d85b201efdd8aServiceRole9741ECFB",
            "Arn",
          ],
        },
        "Runtime": "nodejs20.x",
        "Timeout": 900,
      },
      "Type": "AWS::Lambda::Function",
    },
    "LogRetentionaae0aa3c5b4d4f87b02d85b201efdd8aServiceRole9741ECFB": {
      "Properties": {
        "AssumeRolePolicyDocument": {
          "Statement": [
            {
              "Action": "sts:AssumeRole",
              "Effect": "Allow",
              "Principal": {
                "Service": "lambda.amazonaws.com",
              },
            },
          ],
          "Version": "2012-10-17",
        },
        "ManagedPolicyArns": [
          {
            "Fn::Join": [
              "",
              [
                "arn:",
                {
                  "Ref": "AWS::Partition",
                },
                ":iam::aws:policy/service-role/AWSLambdaBasicExecutionRole",
              ],
            ],
          },
        ],
      },
      "Type": "AWS::IAM::Role",
    },
    "LogRetentionaae0aa3c5b4d4f87b02d85b201efdd8aServiceRoleDefaultPolicyADDA7DEB": {
      "Properties": {
        "PolicyDocument": {
          "Statement": [
            {
              "Action": [
                "logs:PutRetentionPolicy",
                "logs:DeleteRetentionPolicy",
              ],
              "Effect": "Allow",
              "Resource": "*",
            },
          ],
          "Version": "2012-10-17",
        },
        "PolicyName": "LogRetentionaae0aa3c5b4d4f87b02d85b201efdd8aServiceRoleDefaultPolicyADDA7DEB",
        "Roles": [
          {
            "Ref": "LogRetentionaae0aa3c5b4d4f87b02d85b201efdd8aServiceRole9741ECFB",
          },
        ],
      },
      "Type": "AWS::IAM::Policy",
    },
    "MyGuardrail198F06A2": {
      "Properties": {
        "BlockedInputMessaging": "Blocked input message",
        "BlockedOutputsMessaging": "Blocked output message",
        "ContentPolicyConfig": {
          "FiltersConfig": [
            {
              "InputStrength": "HIGH",
              "OutputStrength": "HIGH",
              "Type": "HATE",
            },
          ],
        },
        "KmsKeyArn": "arn:aws:kms:region:XXXXX:key/12345678-1234-1234-1234-123456789012",
        "Name": "my-custom-guardrail",
      },
      "Type": "AWS::Bedrock::Guardrail",
    },
    "OpenSearchIndexCRProviderCRRole466FC04E": {
      "Metadata": {
        "cdk_nag": {
          "rules_to_suppress": [
            {
              "id": "AwsSolutions-IAM4",
              "reason": "CDK CustomResource Lambda uses the AWSLambdaBasicExecutionRole AWS Managed Policy.",
            },
          ],
        },
      },
      "Properties": {
        "AssumeRolePolicyDocument": {
          "Statement": [
            {
              "Action": "sts:AssumeRole",
              "Effect": "Allow",
              "Principal": {
                "Service": "lambda.amazonaws.com",
              },
            },
          ],
          "Version": "2012-10-17",
        },
        "ManagedPolicyArns": [
          {
            "Fn::Join": [
              "",
              [
                "arn:",
                {
                  "Ref": "AWS::Partition",
                },
                ":iam::aws:policy/service-role/AWSLambdaBasicExecutionRole",
              ],
            ],
          },
          {
            "Ref": "KBKBVectorsAOSSApiAccessAllB0CB4242",
          },
        ],
      },
      "Type": "AWS::IAM::Role",
    },
    "OpenSearchIndexCRProviderCustomResourcesFunction4F9ADEA2": {
      "DependsOn": [
        "OpenSearchIndexCRProviderCRRole466FC04E",
      ],
      "Properties": {
        "Code": {
          "ZipFile": "mockCode",
        },
        "Description": "Custom Resource Provider",
        "Handler": "custom_resources.on_event",
        "MemorySize": 128,
        "Role": {
          "Fn::GetAtt": [
            "OpenSearchIndexCRProviderCRRole466FC04E",
            "Arn",
          ],
        },
        "Runtime": "python3.12",
        "Timeout": 900,
      },
      "Type": "AWS::Lambda::Function",
    },
    "OpenSearchIndexCRProviderCustomResourcesFunctionLogRetentionC32546EF": {
      "Properties": {
        "LogGroupName": {
          "Fn::Join": [
            "",
            [
              "/aws/lambda/",
              {
                "Ref": "OpenSearchIndexCRProviderCustomResourcesFunction4F9ADEA2",
              },
            ],
          ],
        },
        "RetentionInDays": 7,
        "ServiceToken": {
          "Fn::GetAtt": [
            "LogRetentionaae0aa3c5b4d4f87b02d85b201efdd8aFD4BFC8A",
            "Arn",
          ],
        },
      },
      "Type": "Custom::LogRetention",
    },
    "OpenSearchIndexCRProviderProviderRole87B4E831": {
      "Metadata": {
        "cdk_nag": {
          "rules_to_suppress": [
            {
              "id": "AwsSolutions-IAM4",
              "reason": "CDK CustomResource Lambda uses the AWSLambdaBasicExecutionRole AWS Managed Policy.",
            },
            {
              "applies_to": [
                {
                  "regex": "/^Resource::<OpenSearchIndexCRProviderCustomResourcesFunction[A-Z0-9]+\\.Arn>:\\*$/g",
                },
              ],
              "id": "AwsSolutions-IAM5",
              "reason": "CDK CustomResource Provider has a wildcard to invoke any version of the specific Custom Resource function.",
            },
          ],
        },
      },
      "Properties": {
        "AssumeRolePolicyDocument": {
          "Statement": [
            {
              "Action": "sts:AssumeRole",
              "Effect": "Allow",
              "Principal": {
                "Service": "lambda.amazonaws.com",
              },
            },
          ],
          "Version": "2012-10-17",
        },
        "ManagedPolicyArns": [
          {
            "Fn::Join": [
              "",
              [
                "arn:",
                {
                  "Ref": "AWS::Partition",
                },
                ":iam::aws:policy/service-role/AWSLambdaBasicExecutionRole",
              ],
            ],
          },
        ],
      },
      "Type": "AWS::IAM::Role",
    },
    "OpenSearchIndexCRProviderProviderRoleDefaultPolicy9810CB1F": {
      "Metadata": {
        "cdk_nag": {
          "rules_to_suppress": [
            {
              "applies_to": [
                {
                  "regex": "/^Resource::<OpenSearchIndexCRProviderCustomResourcesFunction[A-Z0-9]+\\.Arn>:\\*$/g",
                },
              ],
              "id": "AwsSolutions-IAM5",
              "reason": "CDK CustomResource Provider has a wildcard to invoke any version of the specific Custom Resource function.",
            },
          ],
        },
      },
      "Properties": {
        "PolicyDocument": {
          "Statement": [
            {
              "Action": "lambda:InvokeFunction",
              "Effect": "Allow",
              "Resource": [
                {
                  "Fn::GetAtt": [
                    "OpenSearchIndexCRProviderCustomResourcesFunction4F9ADEA2",
                    "Arn",
                  ],
                },
                {
                  "Fn::Join": [
                    "",
                    [
                      {
                        "Fn::GetAtt": [
                          "OpenSearchIndexCRProviderCustomResourcesFunction4F9ADEA2",
                          "Arn",
                        ],
                      },
                      ":*",
                    ],
                  ],
                },
              ],
            },
          ],
          "Version": "2012-10-17",
        },
        "PolicyName": "OpenSearchIndexCRProviderProviderRoleDefaultPolicy9810CB1F",
        "Roles": [
          {
            "Ref": "OpenSearchIndexCRProviderProviderRole87B4E831",
          },
        ],
      },
      "Type": "AWS::IAM::Policy",
    },
    "OpenSearchIndexCRProviderframeworkonEvent6CAE4696": {
      "DependsOn": [
        "OpenSearchIndexCRProviderProviderRoleDefaultPolicy9810CB1F",
        "OpenSearchIndexCRProviderProviderRole87B4E831",
      ],
      "Metadata": {
        "cdk_nag": {
          "rules_to_suppress": [
            {
              "id": "AwsSolutions-L1",
              "reason": "Lambda runtime version is managed upstream by CDK.",
            },
          ],
        },
      },
      "Properties": {
        "Code": {
          "ZipFile": "mockCode",
        },
        "Description": "AWS CDK resource provider framework - onEvent (test-stack/OpenSearchIndexCRProvider/Provider)",
        "Environment": {
          "Variables": {
            "USER_ON_EVENT_FUNCTION_ARN": {
              "Fn::GetAtt": [
                "OpenSearchIndexCRProviderCustomResourcesFunction4F9ADEA2",
                "Arn",
              ],
            },
          },
        },
        "Handler": "framework.onEvent",
        "Role": {
          "Fn::GetAtt": [
            "OpenSearchIndexCRProviderProviderRole87B4E831",
            "Arn",
          ],
        },
        "Runtime": "nodejs20.x",
        "Timeout": 900,
      },
      "Type": "AWS::Lambda::Function",
    },
    "OpenSearchIndexCRProviderframeworkonEventLogRetention64E7FA2B": {
      "Properties": {
        "LogGroupName": {
          "Fn::Join": [
            "",
            [
              "/aws/lambda/",
              {
                "Ref": "OpenSearchIndexCRProviderframeworkonEvent6CAE4696",
              },
            ],
          ],
        },
        "RetentionInDays": 7,
        "ServiceToken": {
          "Fn::GetAtt": [
            "LogRetentionaae0aa3c5b4d4f87b02d85b201efdd8aFD4BFC8A",
            "Arn",
          ],
        },
      },
      "Type": "Custom::LogRetention",
    },
    "TestBucket560B80BC": {
      "DeletionPolicy": "Retain",
      "Type": "AWS::S3::Bucket",
      "UpdateReplacePolicy": "Retain",
    },
  },
  "Rules": {
    "CheckBootstrapVersion": {
      "Assertions": [
        {
          "Assert": {
            "Fn::Not": [
              {
                "Fn::Contains": [
                  [
                    "1",
                    "2",
                    "3",
                    "4",
                    "5",
                  ],
                  {
                    "Ref": "BootstrapVersion",
                  },
                ],
              },
            ],
          },
          "AssertDescription": "CDK bootstrap stack version 6 required. Please run 'cdk bootstrap' with a recent version of the CDK CLI.",
        },
      ],
    },
  },
}
`;
